[2025-10-03 22:06:14,076] 76 root - ERROR - Error during MCQ generation
Traceback (most recent call last):
  File "/Users/adityaalok/Desktop/MCQGenerator/src/mcqgenerator/utils.py", line 9, in read_file
    pdf_reader=PyPDF2.PdfFileReader(file)
  File "/Users/adityaalok/Desktop/MCQGenerator/env/lib/python3.10/site-packages/PyPDF2/_reader.py", line 1974, in __init__
    deprecation_with_replacement("PdfFileReader", "PdfReader", "3.0.0")
  File "/Users/adityaalok/Desktop/MCQGenerator/env/lib/python3.10/site-packages/PyPDF2/_utils.py", line 369, in deprecation_with_replacement
    deprecation(DEPR_MSG_HAPPENED.format(old_name, removed_in, new_name))
  File "/Users/adityaalok/Desktop/MCQGenerator/env/lib/python3.10/site-packages/PyPDF2/_utils.py", line 351, in deprecation
    raise DeprecationError(msg)
PyPDF2.errors.DeprecationError: PdfFileReader is deprecated and was removed in PyPDF2 3.0.0. Use PdfReader instead.

During handling of the above exception, another exception occurred:

Traceback (most recent call last):
  File "/Users/adityaalok/Desktop/MCQGenerator/streamlitAPP.py", line 33, in <module>
    text = read_file(uploaded_file)
  File "/Users/adityaalok/Desktop/MCQGenerator/src/mcqgenerator/utils.py", line 16, in read_file
    raise Exception("error reading the PDF file")
Exception: error reading the PDF file
